[04:04:14.183][INFO][CraftTweaker-EarlyInit]: CraftTweaker is running on a Minecraft 1.20.1 production server modded with platform Forge
[04:04:14.203][INFO][CraftTweaker-EarlyInit]: Successfully injected RecipeFS file system
[04:04:14.260][INFO][CraftTweaker-Plugins]: Successfully identified and loaded plugin crafttweaker:builtin
[04:04:14.262][INFO][CraftTweaker-Plugins]: Successfully identified and loaded plugin crafttweaker:builtin_forge
[04:04:14.270][INFO][CraftTweaker-Plugins]: Successfully identified and loaded plugin farmersdelight:crafttweaker_plugin
[04:04:15.124][INFO][CraftTweaker]: The following mods have explicit CraftTweaker support through the default plugin:
[04:04:15.125][INFO][CraftTweaker]: - 'crafttweaker' at version '14.0.59'
[04:04:15.125][INFO][CraftTweaker]: - 'farmersdelight' at version '1.20.1-1.2.9'
[04:04:33.408][INFO][CraftTweaker-ZenCode]: Started loading scripts for loader 'initialize'
[04:04:33.948][INFO][CraftTweaker-ZenCode]: Compiling and executing scripts
[04:04:33.982][INFO][CraftTweaker-ZenCode]: Successfully initialized modules [crafttweaker, expansions]
[04:04:34.065][INFO][CraftTweaker-ZenCode]: Execution for loader 'initialize' completed successfully
[04:04:45.921][INFO][CraftTweaker-ZenCode]: Started loading scripts for loader 'tags'
[04:04:45.957][INFO][CraftTweaker-ZenCode]: Compiling and executing scripts
[04:04:45.979][INFO][CraftTweaker-ZenCode]: Successfully initialized modules [crafttweaker, expansions]
[04:04:45.991][INFO][CraftTweaker-ZenCode]: Execution for loader 'tags' completed successfully
[04:06:06.319][INFO][CraftTweaker]: crafttweaker.reload.start
[04:06:06.325][INFO][CraftTweaker-ZenCode]: Started loading scripts for loader 'crafttweaker'
[04:06:06.354][INFO][CraftTweaker-ZenCode]: Compiling and executing scripts
[04:06:06.777][INFO][CraftTweaker-ZenCode]: Successfully initialized modules [mods, crafttweaker, expansions]
[04:06:06.786][INFO][CraftTweaker-ZenCode]: Execution for loader 'crafttweaker' completed successfully
[04:06:06.788][INFO][CraftTweaker]: crafttweaker.reload.complete
